   Compiling cpu-memory-model-atomic-lowering v0.1.0 (/tmp/topic26-exact-750e9ea-run1/repo/topics/022-cpu-memory-model-atomic-lowering)
   Compiling memory-level-parallelism v0.1.0 (/tmp/topic26-exact-750e9ea-run1/repo/topics/020-memory-level-parallelism)
   Compiling systems-snackpack-topic-010 v0.1.0 (/tmp/topic26-exact-750e9ea-run1/repo/topics/010-hashing-checksums-prng)
   Compiling linkers-loaders-binary-layout v0.1.0 (/tmp/topic26-exact-750e9ea-run1/repo/topics/017-linkers-loaders-binary-layout)
   Compiling systems-snackpack-topic-014 v0.1.0 (/tmp/topic26-exact-750e9ea-run1/repo/topics/014-cpu-dispatch-portable-optimization)
   Compiling systems-snackpack-topic-012 v0.1.0 (/tmp/topic26-exact-750e9ea-run1/repo/topics/012-mmap-page-faults)
   Compiling systems-snackpack-topic-006 v0.1.0 (/tmp/topic26-exact-750e9ea-run1/repo/topics/006-ngram-text-indexing)
   Compiling compiler-optimization-boundaries v0.1.0 (/tmp/topic26-exact-750e9ea-run1/repo/topics/016-compiler-optimization-boundaries)
   Compiling topic-021-store-write-path v0.1.0 (/tmp/topic26-exact-750e9ea-run1/repo/topics/021-store-write-path)
   Compiling systems-snackpack-topic-013 v0.1.0 (/tmp/topic26-exact-750e9ea-run1/repo/topics/013-cache-aware-oblivious)
   Compiling systems-snackpack-topic-003 v0.1.0 (/tmp/topic26-exact-750e9ea-run1/repo/topics/003-linux-perf-workflow)
   Compiling systems-snackpack-topic-009 v0.1.0 (/tmp/topic26-exact-750e9ea-run1/repo/topics/009-succinct-static-index-structures)
   Compiling advanced-benchmarking-methodology v0.1.0 (/tmp/topic26-exact-750e9ea-run1/repo/topics/015-advanced-benchmarking-methodology)
   Compiling systems-snackpack-topic-007 v0.1.0 (/tmp/topic26-exact-750e9ea-run1/repo/topics/007-branchless-predictable-control-flow)
   Compiling systems-snackpack-topic-008 v0.1.0 (/tmp/topic26-exact-750e9ea-run1/repo/topics/008-tlbs-address-translation)
   Compiling systems-snackpack-topic-011 v0.1.0 (/tmp/topic26-exact-750e9ea-run1/repo/topics/011-cycle-accurate-measurement)
   Compiling systems-snackpack-topic-004 v0.1.0 (/tmp/topic26-exact-750e9ea-run1/repo/topics/004-reading-assembly-performance)
   Compiling lock-free-reclamation-aba v0.1.0 (/tmp/topic26-exact-750e9ea-run1/repo/topics/023-lock-free-reclamation-aba)
   Compiling systems-snackpack-topic-001 v0.1.0 (/tmp/topic26-exact-750e9ea-run1/repo/topics/001-swar-simd-scalar)
   Compiling systems-snackpack-topic-002 v0.1.0 (/tmp/topic26-exact-750e9ea-run1/repo/topics/002-intrinsics-vs-assembly)
   Compiling allocator-internals-fragmentation v0.1.0 (/tmp/topic26-exact-750e9ea-run1/repo/topics/024-allocator-internals-fragmentation)
   Compiling systems-snackpack-topic-005 v0.1.0 (/tmp/topic26-exact-750e9ea-run1/repo/topics/005-webassembly-performance-model)
   Compiling nic-datapath-cost-model v0.1.0 (/tmp/topic26-exact-750e9ea-run1/repo/topics/026-nic-datapath)
   Compiling pgo-post-link-optimization v0.1.0 (/tmp/topic26-exact-750e9ea-run1/repo/topics/018-pgo-post-link-optimization)
   Compiling cpu-frontend-bottlenecks v0.1.0 (/tmp/topic26-exact-750e9ea-run1/repo/topics/019-cpu-frontend-bottlenecks)
   Compiling numa-first-touch-migration v0.1.0 (/tmp/topic26-exact-750e9ea-run1/repo/topics/025-numa-first-touch-migration)
    Finished `bench` profile [optimized] target(s) in 0.79s
  Executable benches src/lib.rs (target/release/deps/advanced_benchmarking_methodology-1df5ce9b82d0c2f8)
  Executable benches/checksum.rs (target/release/deps/checksum-4f45b7785bf17b22)
  Executable benches src/lib.rs (target/release/deps/allocator_internals_fragmentation-0bcdb5ba4c545207)
  Executable benches src/lib.rs (target/release/deps/compiler_optimization_boundaries-a60ff5652b1d9a9b)
  Executable benches/boundary.rs (target/release/deps/boundary-931aba10be84aee4)
  Executable benches src/lib.rs (target/release/deps/cpu_frontend_bottlenecks-a2dbbbeb9d6498b8)
  Executable benches src/lib.rs (target/release/deps/atomic_lowering-6efdae7e7555fca4)
  Executable benches src/bin/atomic_cost.rs (target/release/deps/atomic_cost-424c3edc21907ef1)
  Executable benches src/bin/store_buffering.rs (target/release/deps/store_buffering-fb706c426ea0dde0)
  Executable benches src/lib.rs (target/release/deps/linkers_loaders_binary_layout-df3e2ef9d62fbbba)
  Executable benches/block_summary.rs (target/release/deps/block_summary-a77ae16f4e7faed1)
  Executable benches src/lib.rs (target/release/deps/lock_free_reclamation_aba-59835a7984118aac)
  Executable benches src/bin/aba_lab.rs (target/release/deps/aba_lab-840cf650e9da397f)
  Executable benches src/lib.rs (target/release/deps/memory_level_parallelism-72bfa47d7464671e)
  Executable benches/chain_sweep.rs (target/release/deps/chain_sweep-378a69d2f6d1e5c8)
  Executable benches src/lib.rs (target/release/deps/nic_datapath_cost_model-55e5b28e8a4b27e9)
  Executable benches src/lib.rs (target/release/deps/numa_first_touch_migration-da849891aa660842)
  Executable benches src/lib.rs (target/release/deps/pgo_post_link_optimization-0e73c2e0718b6887)
  Executable benches src/lib.rs (target/release/deps/systems_snackpack_topic_001-c746db3631914026)
  Executable benches/throughput.rs (target/release/deps/throughput-68045ac257e3be9f)
  Executable benches src/lib.rs (target/release/deps/systems_snackpack_topic_002-e7b108fe51516061)
  Executable benches/fold.rs (target/release/deps/fold-b675d434540650eb)
  Executable benches src/lib.rs (target/release/deps/systems_snackpack_topic_003-efb7f300e4156b80)
  Executable benches/phase_workload.rs (target/release/deps/phase_workload-48f6179e885f76d4)
  Executable benches src/lib.rs (target/release/deps/systems_snackpack_topic_004-91b85cddf2270322)
  Executable benches/division_chain.rs (target/release/deps/division_chain-a5d5f077153cd05f)
  Executable benches src/lib.rs (target/release/deps/systems_snackpack_topic_005-ab938457592766be)
  Executable benches src/lib.rs (target/release/deps/systems_snackpack_topic_006-df55b5101c2f454d)
  Executable benches/selectivity.rs (target/release/deps/selectivity-da72a7dd8e5bcd67)
  Executable benches src/lib.rs (target/release/deps/systems_snackpack_topic_007-f76ac2288bd0e43c)
  Executable benches/control_flow.rs (target/release/deps/control_flow-cf5a85bd5edd3201)
  Executable benches src/lib.rs (target/release/deps/systems_snackpack_topic_008-050c83c869e60bca)
  Executable benches/address_translation.rs (target/release/deps/address_translation-fbc13aae5ec4ba82)
  Executable benches src/lib.rs (target/release/deps/systems_snackpack_topic_009-38add453c462d9dc)
  Executable benches/succinct_rank.rs (target/release/deps/succinct_rank-c0325cdda300413c)
  Executable benches src/lib.rs (target/release/deps/systems_snackpack_topic_010-34830c4ba09611b1)
  Executable benches/crc32c.rs (target/release/deps/crc32c-7ac20ac4072d339b)
  Executable benches src/lib.rs (target/release/deps/systems_snackpack_topic_011-edc1b7d3e1265867)
  Executable benches/cycle_probe.rs (target/release/deps/cycle_probe-f4772de9ae6c8204)
  Executable benches src/lib.rs (target/release/deps/systems_snackpack_topic_012-155a6c90b19042f2)
  Executable benches/fault_cost_model.rs (target/release/deps/fault_cost_model-a198c3ec1bc8c7be)
  Executable benches src/lib.rs (target/release/deps/systems_snackpack_topic_013-4b6534fcdccfe61c)
  Executable benches/cache_layout.rs (target/release/deps/cache_layout-2e88f824b229f4df)
  Executable benches src/lib.rs (target/release/deps/systems_snackpack_topic_014-3e18e5f3e6731e58)
  Executable benches/cpu_dispatch.rs (target/release/deps/cpu_dispatch-184f9f256bb91f45)
  Executable benches src/lib.rs (target/release/deps/topic_021_store_write_path-ac8fd97bd146ad25)
  Executable benches/write_path.rs (target/release/deps/write_path-f25ffa0bbb2df85d)
