   Compiling systems-snackpack-topic-003 v0.1.0 (/tmp/topic16-source.eiz7YI/topics/003-linux-perf-workflow)
   Compiling systems-snackpack-topic-010 v0.1.0 (/tmp/topic16-source.eiz7YI/topics/010-hashing-checksums-prng)
   Compiling systems-snackpack-topic-006 v0.1.0 (/tmp/topic16-source.eiz7YI/topics/006-ngram-text-indexing)
   Compiling systems-snackpack-topic-009 v0.1.0 (/tmp/topic16-source.eiz7YI/topics/009-succinct-static-index-structures)
   Compiling systems-snackpack-topic-004 v0.1.0 (/tmp/topic16-source.eiz7YI/topics/004-reading-assembly-performance)
   Compiling advanced-benchmarking-methodology v0.1.0 (/tmp/topic16-source.eiz7YI/topics/015-advanced-benchmarking-methodology)
   Compiling systems-snackpack-topic-008 v0.1.0 (/tmp/topic16-source.eiz7YI/topics/008-tlbs-address-translation)
   Compiling systems-snackpack-topic-007 v0.1.0 (/tmp/topic16-source.eiz7YI/topics/007-branchless-predictable-control-flow)
   Compiling systems-snackpack-topic-012 v0.1.0 (/tmp/topic16-source.eiz7YI/topics/012-mmap-page-faults)
   Compiling systems-snackpack-topic-002 v0.1.0 (/tmp/topic16-source.eiz7YI/topics/002-intrinsics-vs-assembly)
   Compiling compiler-optimization-boundaries v0.1.0 (/tmp/topic16-source.eiz7YI/topics/016-compiler-optimization-boundaries)
   Compiling systems-snackpack-topic-011 v0.1.0 (/tmp/topic16-source.eiz7YI/topics/011-cycle-accurate-measurement)
   Compiling systems-snackpack-topic-001 v0.1.0 (/tmp/topic16-source.eiz7YI/topics/001-swar-simd-scalar)
   Compiling systems-snackpack-topic-013 v0.1.0 (/tmp/topic16-source.eiz7YI/topics/013-cache-aware-oblivious)
   Compiling systems-snackpack-topic-014 v0.1.0 (/tmp/topic16-source.eiz7YI/topics/014-cpu-dispatch-portable-optimization)
   Compiling systems-snackpack-topic-005 v0.1.0 (/tmp/topic16-source.eiz7YI/topics/005-webassembly-performance-model)
    Finished `bench` profile [optimized] target(s) in 0.77s
  Executable benches src/lib.rs (target/release/deps/advanced_benchmarking_methodology-1df5ce9b82d0c2f8)
  Executable benches/checksum.rs (target/release/deps/checksum-4f45b7785bf17b22)
  Executable benches src/lib.rs (target/release/deps/compiler_optimization_boundaries-a60ff5652b1d9a9b)
  Executable benches/boundary.rs (target/release/deps/boundary-931aba10be84aee4)
  Executable benches src/lib.rs (target/release/deps/systems_snackpack_topic_001-c746db3631914026)
  Executable benches/throughput.rs (target/release/deps/throughput-68045ac257e3be9f)
  Executable benches src/lib.rs (target/release/deps/systems_snackpack_topic_002-e7b108fe51516061)
  Executable benches/fold.rs (target/release/deps/fold-b675d434540650eb)
  Executable benches src/lib.rs (target/release/deps/systems_snackpack_topic_003-efb7f300e4156b80)
  Executable benches/phase_workload.rs (target/release/deps/phase_workload-48f6179e885f76d4)
  Executable benches src/lib.rs (target/release/deps/systems_snackpack_topic_004-91b85cddf2270322)
  Executable benches/division_chain.rs (target/release/deps/division_chain-a5d5f077153cd05f)
  Executable benches src/lib.rs (target/release/deps/systems_snackpack_topic_005-ab938457592766be)
  Executable benches src/lib.rs (target/release/deps/systems_snackpack_topic_006-df55b5101c2f454d)
  Executable benches/selectivity.rs (target/release/deps/selectivity-da72a7dd8e5bcd67)
  Executable benches src/lib.rs (target/release/deps/systems_snackpack_topic_007-f76ac2288bd0e43c)
  Executable benches/control_flow.rs (target/release/deps/control_flow-cf5a85bd5edd3201)
  Executable benches src/lib.rs (target/release/deps/systems_snackpack_topic_008-050c83c869e60bca)
  Executable benches/address_translation.rs (target/release/deps/address_translation-fbc13aae5ec4ba82)
  Executable benches src/lib.rs (target/release/deps/systems_snackpack_topic_009-38add453c462d9dc)
  Executable benches/succinct_rank.rs (target/release/deps/succinct_rank-c0325cdda300413c)
  Executable benches src/lib.rs (target/release/deps/systems_snackpack_topic_010-34830c4ba09611b1)
  Executable benches/crc32c.rs (target/release/deps/crc32c-7ac20ac4072d339b)
  Executable benches src/lib.rs (target/release/deps/systems_snackpack_topic_011-edc1b7d3e1265867)
  Executable benches/cycle_probe.rs (target/release/deps/cycle_probe-f4772de9ae6c8204)
  Executable benches src/lib.rs (target/release/deps/systems_snackpack_topic_012-155a6c90b19042f2)
  Executable benches/fault_cost_model.rs (target/release/deps/fault_cost_model-a198c3ec1bc8c7be)
  Executable benches src/lib.rs (target/release/deps/systems_snackpack_topic_013-4b6534fcdccfe61c)
  Executable benches/cache_layout.rs (target/release/deps/cache_layout-2e88f824b229f4df)
  Executable benches src/lib.rs (target/release/deps/systems_snackpack_topic_014-3e18e5f3e6731e58)
  Executable benches/cpu_dispatch.rs (target/release/deps/cpu_dispatch-184f9f256bb91f45)
