   Compiling cpu-memory-model-atomic-lowering v0.1.0 (/tmp/topic26-exact-750e9ea-run1/repo/topics/022-cpu-memory-model-atomic-lowering)
   Compiling systems-snackpack-topic-009 v0.1.0 (/tmp/topic26-exact-750e9ea-run1/repo/topics/009-succinct-static-index-structures)
   Compiling systems-snackpack-topic-014 v0.1.0 (/tmp/topic26-exact-750e9ea-run1/repo/topics/014-cpu-dispatch-portable-optimization)
   Compiling systems-snackpack-topic-002 v0.1.0 (/tmp/topic26-exact-750e9ea-run1/repo/topics/002-intrinsics-vs-assembly)
   Compiling systems-snackpack-topic-003 v0.1.0 (/tmp/topic26-exact-750e9ea-run1/repo/topics/003-linux-perf-workflow)
   Compiling systems-snackpack-topic-011 v0.1.0 (/tmp/topic26-exact-750e9ea-run1/repo/topics/011-cycle-accurate-measurement)
   Compiling systems-snackpack-topic-001 v0.1.0 (/tmp/topic26-exact-750e9ea-run1/repo/topics/001-swar-simd-scalar)
   Compiling systems-snackpack-topic-007 v0.1.0 (/tmp/topic26-exact-750e9ea-run1/repo/topics/007-branchless-predictable-control-flow)
   Compiling systems-snackpack-topic-013 v0.1.0 (/tmp/topic26-exact-750e9ea-run1/repo/topics/013-cache-aware-oblivious)
   Compiling systems-snackpack-topic-012 v0.1.0 (/tmp/topic26-exact-750e9ea-run1/repo/topics/012-mmap-page-faults)
   Compiling systems-snackpack-topic-006 v0.1.0 (/tmp/topic26-exact-750e9ea-run1/repo/topics/006-ngram-text-indexing)
   Compiling memory-level-parallelism v0.1.0 (/tmp/topic26-exact-750e9ea-run1/repo/topics/020-memory-level-parallelism)
   Compiling lock-free-reclamation-aba v0.1.0 (/tmp/topic26-exact-750e9ea-run1/repo/topics/023-lock-free-reclamation-aba)
   Compiling systems-snackpack-topic-008 v0.1.0 (/tmp/topic26-exact-750e9ea-run1/repo/topics/008-tlbs-address-translation)
   Compiling linkers-loaders-binary-layout v0.1.0 (/tmp/topic26-exact-750e9ea-run1/repo/topics/017-linkers-loaders-binary-layout)
   Compiling systems-snackpack-topic-010 v0.1.0 (/tmp/topic26-exact-750e9ea-run1/repo/topics/010-hashing-checksums-prng)
   Compiling topic-021-store-write-path v0.1.0 (/tmp/topic26-exact-750e9ea-run1/repo/topics/021-store-write-path)
   Compiling advanced-benchmarking-methodology v0.1.0 (/tmp/topic26-exact-750e9ea-run1/repo/topics/015-advanced-benchmarking-methodology)
   Compiling compiler-optimization-boundaries v0.1.0 (/tmp/topic26-exact-750e9ea-run1/repo/topics/016-compiler-optimization-boundaries)
   Compiling systems-snackpack-topic-004 v0.1.0 (/tmp/topic26-exact-750e9ea-run1/repo/topics/004-reading-assembly-performance)
   Compiling cpu-frontend-bottlenecks v0.1.0 (/tmp/topic26-exact-750e9ea-run1/repo/topics/019-cpu-frontend-bottlenecks)
   Compiling allocator-internals-fragmentation v0.1.0 (/tmp/topic26-exact-750e9ea-run1/repo/topics/024-allocator-internals-fragmentation)
   Compiling numa-first-touch-migration v0.1.0 (/tmp/topic26-exact-750e9ea-run1/repo/topics/025-numa-first-touch-migration)
   Compiling pgo-post-link-optimization v0.1.0 (/tmp/topic26-exact-750e9ea-run1/repo/topics/018-pgo-post-link-optimization)
   Compiling nic-datapath-cost-model v0.1.0 (/tmp/topic26-exact-750e9ea-run1/repo/topics/026-nic-datapath)
   Compiling systems-snackpack-topic-005 v0.1.0 (/tmp/topic26-exact-750e9ea-run1/repo/topics/005-webassembly-performance-model)
    Finished `bench` profile [optimized] target(s) in 0.56s
  Executable benches src/lib.rs (target/release/deps/advanced_benchmarking_methodology-2c5a9ad55991af4b)
  Executable benches/checksum.rs (target/release/deps/checksum-e312a422f1675af8)
  Executable benches src/lib.rs (target/release/deps/allocator_internals_fragmentation-9b77e5f3ff91f956)
  Executable benches src/lib.rs (target/release/deps/compiler_optimization_boundaries-4eacf85961accaba)
  Executable benches/boundary.rs (target/release/deps/boundary-04c296781c9af6f5)
  Executable benches src/lib.rs (target/release/deps/cpu_frontend_bottlenecks-c91b0572d2038c42)
  Executable benches src/lib.rs (target/release/deps/atomic_lowering-6a4e6aeebb3039e0)
  Executable benches src/bin/atomic_cost.rs (target/release/deps/atomic_cost-9a8847f369e35832)
  Executable benches src/bin/store_buffering.rs (target/release/deps/store_buffering-fc5a3382bbf2e7c8)
  Executable benches src/lib.rs (target/release/deps/linkers_loaders_binary_layout-676a5dd58e4e5a14)
  Executable benches/block_summary.rs (target/release/deps/block_summary-7a2edfdfec202050)
  Executable benches src/lib.rs (target/release/deps/lock_free_reclamation_aba-f38c7e50f1d301fe)
  Executable benches src/bin/aba_lab.rs (target/release/deps/aba_lab-0a1ee8661c5bf218)
  Executable benches src/lib.rs (target/release/deps/memory_level_parallelism-71c6e51562de32fc)
  Executable benches/chain_sweep.rs (target/release/deps/chain_sweep-13553cfcfdd93d1e)
  Executable benches src/lib.rs (target/release/deps/nic_datapath_cost_model-186a84ed2557049f)
  Executable benches src/lib.rs (target/release/deps/numa_first_touch_migration-7f7b121fb318aa82)
  Executable benches src/lib.rs (target/release/deps/pgo_post_link_optimization-e02768dd0b33ee08)
  Executable benches src/lib.rs (target/release/deps/systems_snackpack_topic_001-c2100c550c74afaf)
  Executable benches/throughput.rs (target/release/deps/throughput-fdfc0c66c79dd4d8)
  Executable benches src/lib.rs (target/release/deps/systems_snackpack_topic_002-93830e70f3d10283)
  Executable benches/fold.rs (target/release/deps/fold-9c307fe32fb9442c)
  Executable benches src/lib.rs (target/release/deps/systems_snackpack_topic_003-b9d6e0f341d20117)
  Executable benches/phase_workload.rs (target/release/deps/phase_workload-1a97dcd880927a3e)
  Executable benches src/lib.rs (target/release/deps/systems_snackpack_topic_004-260bfd828de220de)
  Executable benches/division_chain.rs (target/release/deps/division_chain-8db904a7495c2a0d)
  Executable benches src/lib.rs (target/release/deps/systems_snackpack_topic_005-de3b85b8cc0f885d)
  Executable benches src/lib.rs (target/release/deps/systems_snackpack_topic_006-49ec785d8d6c9561)
  Executable benches/selectivity.rs (target/release/deps/selectivity-a3cfbd0b47e69591)
  Executable benches src/lib.rs (target/release/deps/systems_snackpack_topic_007-2bb7e2b96e44626a)
  Executable benches/control_flow.rs (target/release/deps/control_flow-9a2a25c7ea2988e5)
  Executable benches src/lib.rs (target/release/deps/systems_snackpack_topic_008-d1ef89aed7efd364)
  Executable benches/address_translation.rs (target/release/deps/address_translation-b7938ea10e9cbc06)
  Executable benches src/lib.rs (target/release/deps/systems_snackpack_topic_009-6b799fde7ce6aa01)
  Executable benches/succinct_rank.rs (target/release/deps/succinct_rank-b272cc1c3e33a0f9)
  Executable benches src/lib.rs (target/release/deps/systems_snackpack_topic_010-dc09c81798ad6fe3)
  Executable benches/crc32c.rs (target/release/deps/crc32c-334b215509aad044)
  Executable benches src/lib.rs (target/release/deps/systems_snackpack_topic_011-ad31f0617deece83)
  Executable benches/cycle_probe.rs (target/release/deps/cycle_probe-d49618aa03599ab9)
  Executable benches src/lib.rs (target/release/deps/systems_snackpack_topic_012-5442a42f37e0a87a)
  Executable benches/fault_cost_model.rs (target/release/deps/fault_cost_model-ebf66e8edbbeefcd)
  Executable benches src/lib.rs (target/release/deps/systems_snackpack_topic_013-7ded51c826767aa7)
  Executable benches/cache_layout.rs (target/release/deps/cache_layout-2329d5b04c374fc0)
  Executable benches src/lib.rs (target/release/deps/systems_snackpack_topic_014-d81a3ebf5a0d4e79)
  Executable benches/cpu_dispatch.rs (target/release/deps/cpu_dispatch-28e89ef43ddf7792)
  Executable benches src/lib.rs (target/release/deps/topic_021_store_write_path-3305f621b7589b52)
  Executable benches/write_path.rs (target/release/deps/write_path-8df4408bd0b2c3b4)
