   Compiling systems-snackpack-topic-008 v0.1.0 (/tmp/tmp.g0Xac5ynhW/topics/008-tlbs-address-translation)
   Compiling systems-snackpack-topic-010 v0.1.0 (/tmp/tmp.g0Xac5ynhW/topics/010-hashing-checksums-prng)
   Compiling systems-snackpack-topic-003 v0.1.0 (/tmp/tmp.g0Xac5ynhW/topics/003-linux-perf-workflow)
   Compiling systems-snackpack-topic-007 v0.1.0 (/tmp/tmp.g0Xac5ynhW/topics/007-branchless-predictable-control-flow)
   Compiling systems-snackpack-topic-012 v0.1.0 (/tmp/tmp.g0Xac5ynhW/topics/012-mmap-page-faults)
   Compiling systems-snackpack-topic-011 v0.1.0 (/tmp/tmp.g0Xac5ynhW/topics/011-cycle-accurate-measurement)
   Compiling systems-snackpack-topic-014 v0.1.0 (/tmp/tmp.g0Xac5ynhW/topics/014-cpu-dispatch-portable-optimization)
   Compiling systems-snackpack-topic-013 v0.1.0 (/tmp/tmp.g0Xac5ynhW/topics/013-cache-aware-oblivious)
   Compiling systems-snackpack-topic-002 v0.1.0 (/tmp/tmp.g0Xac5ynhW/topics/002-intrinsics-vs-assembly)
   Compiling systems-snackpack-topic-004 v0.1.0 (/tmp/tmp.g0Xac5ynhW/topics/004-reading-assembly-performance)
   Compiling systems-snackpack-topic-006 v0.1.0 (/tmp/tmp.g0Xac5ynhW/topics/006-ngram-text-indexing)
   Compiling systems-snackpack-topic-001 v0.1.0 (/tmp/tmp.g0Xac5ynhW/topics/001-swar-simd-scalar)
   Compiling systems-snackpack-topic-009 v0.1.0 (/tmp/tmp.g0Xac5ynhW/topics/009-succinct-static-index-structures)
   Compiling systems-snackpack-topic-005 v0.1.0 (/tmp/tmp.g0Xac5ynhW/topics/005-webassembly-performance-model)
    Finished `bench` profile [optimized] target(s) in 0.77s
  Executable benches src/lib.rs (target/release/deps/systems_snackpack_topic_001-c0e8a1a06a11ef65)
  Executable benches/throughput.rs (target/release/deps/throughput-ba1839fbe08bb3ff)
  Executable benches src/lib.rs (target/release/deps/systems_snackpack_topic_002-478d34f23c4f8406)
  Executable benches/fold.rs (target/release/deps/fold-459030b2a41d9323)
  Executable benches src/lib.rs (target/release/deps/systems_snackpack_topic_003-eebf3475ec7729fc)
  Executable benches/phase_workload.rs (target/release/deps/phase_workload-516e445063f22697)
  Executable benches src/lib.rs (target/release/deps/systems_snackpack_topic_004-b8154257bad67bca)
  Executable benches/division_chain.rs (target/release/deps/division_chain-b206e269e0bb35e1)
  Executable benches src/lib.rs (target/release/deps/systems_snackpack_topic_005-3d0d78bac695ce7b)
  Executable benches src/lib.rs (target/release/deps/systems_snackpack_topic_006-1454f02f026020df)
  Executable benches/selectivity.rs (target/release/deps/selectivity-632881b097d2cd35)
  Executable benches src/lib.rs (target/release/deps/systems_snackpack_topic_007-22077b01d13389ee)
  Executable benches/control_flow.rs (target/release/deps/control_flow-1fc13ceef94fbeb1)
  Executable benches src/lib.rs (target/release/deps/systems_snackpack_topic_008-7ebb9c468cdbf8c3)
  Executable benches/address_translation.rs (target/release/deps/address_translation-6388606692622688)
  Executable benches src/lib.rs (target/release/deps/systems_snackpack_topic_009-6375dd62e5c1bb6d)
  Executable benches/succinct_rank.rs (target/release/deps/succinct_rank-83c51c0a0360bd3a)
  Executable benches src/lib.rs (target/release/deps/systems_snackpack_topic_010-77eb4b71aab73f70)
  Executable benches/crc32c.rs (target/release/deps/crc32c-4de64b3aa5002a5f)
  Executable benches src/lib.rs (target/release/deps/systems_snackpack_topic_011-e8a69a8d235c661b)
  Executable benches/cycle_probe.rs (target/release/deps/cycle_probe-c521978ec53aa4be)
  Executable benches src/lib.rs (target/release/deps/systems_snackpack_topic_012-1d8ebd1aca193ed2)
  Executable benches/fault_cost_model.rs (target/release/deps/fault_cost_model-2a1da01ab0e5f43f)
  Executable benches src/lib.rs (target/release/deps/systems_snackpack_topic_013-fcc91c98afb9bda3)
  Executable benches/cache_layout.rs (target/release/deps/cache_layout-54f3178ad24c521c)
  Executable benches src/lib.rs (target/release/deps/systems_snackpack_topic_014-6d2ae592cc93f389)
  Executable benches/cpu_dispatch.rs (target/release/deps/cpu_dispatch-964464267bb31890)
