   Compiling systems-snackpack-topic-009 v0.1.0 (/tmp/tmp.f26Jcir92E/topics/009-succinct-static-index-structures)
   Compiling systems-snackpack-topic-010 v0.1.0 (/tmp/tmp.f26Jcir92E/topics/010-hashing-checksums-prng)
   Compiling systems-snackpack-topic-004 v0.1.0 (/tmp/tmp.f26Jcir92E/topics/004-reading-assembly-performance)
   Compiling systems-snackpack-topic-006 v0.1.0 (/tmp/tmp.f26Jcir92E/topics/006-ngram-text-indexing)
   Compiling systems-snackpack-topic-014 v0.1.0 (/tmp/tmp.f26Jcir92E/topics/014-cpu-dispatch-portable-optimization)
   Compiling systems-snackpack-topic-001 v0.1.0 (/tmp/tmp.f26Jcir92E/topics/001-swar-simd-scalar)
   Compiling systems-snackpack-topic-012 v0.1.0 (/tmp/tmp.f26Jcir92E/topics/012-mmap-page-faults)
   Compiling systems-snackpack-topic-003 v0.1.0 (/tmp/tmp.f26Jcir92E/topics/003-linux-perf-workflow)
   Compiling systems-snackpack-topic-008 v0.1.0 (/tmp/tmp.f26Jcir92E/topics/008-tlbs-address-translation)
   Compiling systems-snackpack-topic-007 v0.1.0 (/tmp/tmp.f26Jcir92E/topics/007-branchless-predictable-control-flow)
   Compiling systems-snackpack-topic-013 v0.1.0 (/tmp/tmp.f26Jcir92E/topics/013-cache-aware-oblivious)
   Compiling systems-snackpack-topic-002 v0.1.0 (/tmp/tmp.f26Jcir92E/topics/002-intrinsics-vs-assembly)
   Compiling systems-snackpack-topic-011 v0.1.0 (/tmp/tmp.f26Jcir92E/topics/011-cycle-accurate-measurement)
   Compiling systems-snackpack-topic-005 v0.1.0 (/tmp/tmp.f26Jcir92E/topics/005-webassembly-performance-model)
    Finished `bench` profile [optimized] target(s) in 1.15s
  Executable benches src/lib.rs (target/release/deps/systems_snackpack_topic_001-c9e59380ea77990a)
  Executable benches/throughput.rs (target/release/deps/throughput-07a88a3397827258)
  Executable benches src/lib.rs (target/release/deps/systems_snackpack_topic_002-9e2a90e4e6c0764c)
  Executable benches/fold.rs (target/release/deps/fold-e56f0e084813c31b)
  Executable benches src/lib.rs (target/release/deps/systems_snackpack_topic_003-84951ba60f05da0d)
  Executable benches/phase_workload.rs (target/release/deps/phase_workload-969c6dea2f191fc0)
  Executable benches src/lib.rs (target/release/deps/systems_snackpack_topic_004-75ba81c813524024)
  Executable benches/division_chain.rs (target/release/deps/division_chain-c619b334bbbeef77)
  Executable benches src/lib.rs (target/release/deps/systems_snackpack_topic_005-de43f4e8764e7b8b)
  Executable benches src/lib.rs (target/release/deps/systems_snackpack_topic_006-6e4c09598a84b94c)
  Executable benches/selectivity.rs (target/release/deps/selectivity-8051a9809e20c555)
  Executable benches src/lib.rs (target/release/deps/systems_snackpack_topic_007-12e468e6ab117077)
  Executable benches/control_flow.rs (target/release/deps/control_flow-9a1aafd85732574f)
  Executable benches src/lib.rs (target/release/deps/systems_snackpack_topic_008-2da60e62462375be)
  Executable benches/address_translation.rs (target/release/deps/address_translation-10d8e959fe4988e5)
  Executable benches src/lib.rs (target/release/deps/systems_snackpack_topic_009-3166812dfc325144)
  Executable benches/succinct_rank.rs (target/release/deps/succinct_rank-bda0676104b5bcbd)
  Executable benches src/lib.rs (target/release/deps/systems_snackpack_topic_010-e39ab777514d2c3c)
  Executable benches/crc32c.rs (target/release/deps/crc32c-41792e1563fd8b0b)
  Executable benches src/lib.rs (target/release/deps/systems_snackpack_topic_011-4434958c66fac44e)
  Executable benches/cycle_probe.rs (target/release/deps/cycle_probe-f459056e7b3722d3)
  Executable benches src/lib.rs (target/release/deps/systems_snackpack_topic_012-adfe60d4d518077a)
  Executable benches/fault_cost_model.rs (target/release/deps/fault_cost_model-fa09f330676a8845)
  Executable benches src/lib.rs (target/release/deps/systems_snackpack_topic_013-d46b08674aaa5d9e)
  Executable benches/cache_layout.rs (target/release/deps/cache_layout-4564c70a5151e0ba)
  Executable benches src/lib.rs (target/release/deps/systems_snackpack_topic_014-6babe06584971fa4)
  Executable benches/cpu_dispatch.rs (target/release/deps/cpu_dispatch-d5596850c329f760)
