   Compiling systems-snackpack-topic-010 v0.1.0 (/tmp/topic17-exact-9482bef-x86-20260727/source-tree/topics/010-hashing-checksums-prng)
   Compiling systems-snackpack-topic-012 v0.1.0 (/tmp/topic17-exact-9482bef-x86-20260727/source-tree/topics/012-mmap-page-faults)
   Compiling systems-snackpack-topic-014 v0.1.0 (/tmp/topic17-exact-9482bef-x86-20260727/source-tree/topics/014-cpu-dispatch-portable-optimization)
   Compiling systems-snackpack-topic-007 v0.1.0 (/tmp/topic17-exact-9482bef-x86-20260727/source-tree/topics/007-branchless-predictable-control-flow)
   Compiling systems-snackpack-topic-008 v0.1.0 (/tmp/topic17-exact-9482bef-x86-20260727/source-tree/topics/008-tlbs-address-translation)
   Compiling systems-snackpack-topic-006 v0.1.0 (/tmp/topic17-exact-9482bef-x86-20260727/source-tree/topics/006-ngram-text-indexing)
   Compiling compiler-optimization-boundaries v0.1.0 (/tmp/topic17-exact-9482bef-x86-20260727/source-tree/topics/016-compiler-optimization-boundaries)
   Compiling advanced-benchmarking-methodology v0.1.0 (/tmp/topic17-exact-9482bef-x86-20260727/source-tree/topics/015-advanced-benchmarking-methodology)
   Compiling systems-snackpack-topic-009 v0.1.0 (/tmp/topic17-exact-9482bef-x86-20260727/source-tree/topics/009-succinct-static-index-structures)
   Compiling systems-snackpack-topic-011 v0.1.0 (/tmp/topic17-exact-9482bef-x86-20260727/source-tree/topics/011-cycle-accurate-measurement)
   Compiling systems-snackpack-topic-004 v0.1.0 (/tmp/topic17-exact-9482bef-x86-20260727/source-tree/topics/004-reading-assembly-performance)
   Compiling systems-snackpack-topic-001 v0.1.0 (/tmp/topic17-exact-9482bef-x86-20260727/source-tree/topics/001-swar-simd-scalar)
   Compiling systems-snackpack-topic-003 v0.1.0 (/tmp/topic17-exact-9482bef-x86-20260727/source-tree/topics/003-linux-perf-workflow)
   Compiling systems-snackpack-topic-013 v0.1.0 (/tmp/topic17-exact-9482bef-x86-20260727/source-tree/topics/013-cache-aware-oblivious)
   Compiling linkers-loaders-binary-layout v0.1.0 (/tmp/topic17-exact-9482bef-x86-20260727/source-tree/topics/017-linkers-loaders-binary-layout)
   Compiling systems-snackpack-topic-002 v0.1.0 (/tmp/topic17-exact-9482bef-x86-20260727/source-tree/topics/002-intrinsics-vs-assembly)
   Compiling systems-snackpack-topic-005 v0.1.0 (/tmp/topic17-exact-9482bef-x86-20260727/source-tree/topics/005-webassembly-performance-model)
    Finished `bench` profile [optimized] target(s) in 0.54s
  Executable benches src/lib.rs (target/release/deps/advanced_benchmarking_methodology-2c5a9ad55991af4b)
  Executable benches/checksum.rs (target/release/deps/checksum-e312a422f1675af8)
  Executable benches src/lib.rs (target/release/deps/compiler_optimization_boundaries-4eacf85961accaba)
  Executable benches/boundary.rs (target/release/deps/boundary-04c296781c9af6f5)
  Executable benches src/lib.rs (target/release/deps/linkers_loaders_binary_layout-676a5dd58e4e5a14)
  Executable benches/block_summary.rs (target/release/deps/block_summary-7a2edfdfec202050)
  Executable benches src/lib.rs (target/release/deps/systems_snackpack_topic_001-c2100c550c74afaf)
  Executable benches/throughput.rs (target/release/deps/throughput-fdfc0c66c79dd4d8)
  Executable benches src/lib.rs (target/release/deps/systems_snackpack_topic_002-93830e70f3d10283)
  Executable benches/fold.rs (target/release/deps/fold-9c307fe32fb9442c)
  Executable benches src/lib.rs (target/release/deps/systems_snackpack_topic_003-b9d6e0f341d20117)
  Executable benches/phase_workload.rs (target/release/deps/phase_workload-1a97dcd880927a3e)
  Executable benches src/lib.rs (target/release/deps/systems_snackpack_topic_004-260bfd828de220de)
  Executable benches/division_chain.rs (target/release/deps/division_chain-8db904a7495c2a0d)
  Executable benches src/lib.rs (target/release/deps/systems_snackpack_topic_005-de3b85b8cc0f885d)
  Executable benches src/lib.rs (target/release/deps/systems_snackpack_topic_006-49ec785d8d6c9561)
  Executable benches/selectivity.rs (target/release/deps/selectivity-a3cfbd0b47e69591)
  Executable benches src/lib.rs (target/release/deps/systems_snackpack_topic_007-2bb7e2b96e44626a)
  Executable benches/control_flow.rs (target/release/deps/control_flow-9a2a25c7ea2988e5)
  Executable benches src/lib.rs (target/release/deps/systems_snackpack_topic_008-d1ef89aed7efd364)
  Executable benches/address_translation.rs (target/release/deps/address_translation-b7938ea10e9cbc06)
  Executable benches src/lib.rs (target/release/deps/systems_snackpack_topic_009-6b799fde7ce6aa01)
  Executable benches/succinct_rank.rs (target/release/deps/succinct_rank-b272cc1c3e33a0f9)
  Executable benches src/lib.rs (target/release/deps/systems_snackpack_topic_010-dc09c81798ad6fe3)
  Executable benches/crc32c.rs (target/release/deps/crc32c-334b215509aad044)
  Executable benches src/lib.rs (target/release/deps/systems_snackpack_topic_011-ad31f0617deece83)
  Executable benches/cycle_probe.rs (target/release/deps/cycle_probe-d49618aa03599ab9)
  Executable benches src/lib.rs (target/release/deps/systems_snackpack_topic_012-5442a42f37e0a87a)
  Executable benches/fault_cost_model.rs (target/release/deps/fault_cost_model-ebf66e8edbbeefcd)
  Executable benches src/lib.rs (target/release/deps/systems_snackpack_topic_013-7ded51c826767aa7)
  Executable benches/cache_layout.rs (target/release/deps/cache_layout-2329d5b04c374fc0)
  Executable benches src/lib.rs (target/release/deps/systems_snackpack_topic_014-d81a3ebf5a0d4e79)
  Executable benches/cpu_dispatch.rs (target/release/deps/cpu_dispatch-28e89ef43ddf7792)
