    Checking systems-snackpack-topic-003 v0.1.0 (/tmp/topic23-exact-6b20b1f-arm.SjEfHr/tree/topics/003-linux-perf-workflow)
    Checking systems-snackpack-topic-004 v0.1.0 (/tmp/topic23-exact-6b20b1f-arm.SjEfHr/tree/topics/004-reading-assembly-performance)
    Checking systems-snackpack-topic-012 v0.1.0 (/tmp/topic23-exact-6b20b1f-arm.SjEfHr/tree/topics/012-mmap-page-faults)
    Checking systems-snackpack-topic-001 v0.1.0 (/tmp/topic23-exact-6b20b1f-arm.SjEfHr/tree/topics/001-swar-simd-scalar)
    Checking systems-snackpack-topic-007 v0.1.0 (/tmp/topic23-exact-6b20b1f-arm.SjEfHr/tree/topics/007-branchless-predictable-control-flow)
    Checking lock-free-reclamation-aba v0.1.0 (/tmp/topic23-exact-6b20b1f-arm.SjEfHr/tree/topics/023-lock-free-reclamation-aba)
    Checking systems-snackpack-topic-011 v0.1.0 (/tmp/topic23-exact-6b20b1f-arm.SjEfHr/tree/topics/011-cycle-accurate-measurement)
    Checking advanced-benchmarking-methodology v0.1.0 (/tmp/topic23-exact-6b20b1f-arm.SjEfHr/tree/topics/015-advanced-benchmarking-methodology)
    Checking systems-snackpack-topic-013 v0.1.0 (/tmp/topic23-exact-6b20b1f-arm.SjEfHr/tree/topics/013-cache-aware-oblivious)
    Checking systems-snackpack-topic-014 v0.1.0 (/tmp/topic23-exact-6b20b1f-arm.SjEfHr/tree/topics/014-cpu-dispatch-portable-optimization)
    Checking systems-snackpack-topic-010 v0.1.0 (/tmp/topic23-exact-6b20b1f-arm.SjEfHr/tree/topics/010-hashing-checksums-prng)
    Checking systems-snackpack-topic-009 v0.1.0 (/tmp/topic23-exact-6b20b1f-arm.SjEfHr/tree/topics/009-succinct-static-index-structures)
    Checking systems-snackpack-topic-002 v0.1.0 (/tmp/topic23-exact-6b20b1f-arm.SjEfHr/tree/topics/002-intrinsics-vs-assembly)
    Checking systems-snackpack-topic-008 v0.1.0 (/tmp/topic23-exact-6b20b1f-arm.SjEfHr/tree/topics/008-tlbs-address-translation)
    Checking systems-snackpack-topic-006 v0.1.0 (/tmp/topic23-exact-6b20b1f-arm.SjEfHr/tree/topics/006-ngram-text-indexing)
    Checking compiler-optimization-boundaries v0.1.0 (/tmp/topic23-exact-6b20b1f-arm.SjEfHr/tree/topics/016-compiler-optimization-boundaries)
    Checking pgo-post-link-optimization v0.1.0 (/tmp/topic23-exact-6b20b1f-arm.SjEfHr/tree/topics/018-pgo-post-link-optimization)
    Checking linkers-loaders-binary-layout v0.1.0 (/tmp/topic23-exact-6b20b1f-arm.SjEfHr/tree/topics/017-linkers-loaders-binary-layout)
    Checking systems-snackpack-topic-005 v0.1.0 (/tmp/topic23-exact-6b20b1f-arm.SjEfHr/tree/topics/005-webassembly-performance-model)
    Finished `dev` profile [unoptimized + debuginfo] target(s) in 0.60s
