 Documenting systems-snackpack-topic-003 v0.1.0 (/tmp/topic21-20f09a6-arm-source/topics/003-linux-perf-workflow)
 Documenting systems-snackpack-topic-012 v0.1.0 (/tmp/topic21-20f09a6-arm-source/topics/012-mmap-page-faults)
 Documenting systems-snackpack-topic-013 v0.1.0 (/tmp/topic21-20f09a6-arm-source/topics/013-cache-aware-oblivious)
 Documenting systems-snackpack-topic-004 v0.1.0 (/tmp/topic21-20f09a6-arm-source/topics/004-reading-assembly-performance)
 Documenting systems-snackpack-topic-008 v0.1.0 (/tmp/topic21-20f09a6-arm-source/topics/008-tlbs-address-translation)
 Documenting systems-snackpack-topic-010 v0.1.0 (/tmp/topic21-20f09a6-arm-source/topics/010-hashing-checksums-prng)
 Documenting systems-snackpack-topic-001 v0.1.0 (/tmp/topic21-20f09a6-arm-source/topics/001-swar-simd-scalar)
 Documenting systems-snackpack-topic-011 v0.1.0 (/tmp/topic21-20f09a6-arm-source/topics/011-cycle-accurate-measurement)
 Documenting systems-snackpack-topic-009 v0.1.0 (/tmp/topic21-20f09a6-arm-source/topics/009-succinct-static-index-structures)
 Documenting systems-snackpack-topic-014 v0.1.0 (/tmp/topic21-20f09a6-arm-source/topics/014-cpu-dispatch-portable-optimization)
 Documenting advanced-benchmarking-methodology v0.1.0 (/tmp/topic21-20f09a6-arm-source/topics/015-advanced-benchmarking-methodology)
 Documenting compiler-optimization-boundaries v0.1.0 (/tmp/topic21-20f09a6-arm-source/topics/016-compiler-optimization-boundaries)
 Documenting systems-snackpack-topic-005 v0.1.0 (/tmp/topic21-20f09a6-arm-source/topics/005-webassembly-performance-model)
 Documenting systems-snackpack-topic-002 v0.1.0 (/tmp/topic21-20f09a6-arm-source/topics/002-intrinsics-vs-assembly)
 Documenting topic-021-store-write-path v0.1.0 (/tmp/topic21-20f09a6-arm-source/topics/021-store-write-path)
 Documenting linkers-loaders-binary-layout v0.1.0 (/tmp/topic21-20f09a6-arm-source/topics/017-linkers-loaders-binary-layout)
 Documenting systems-snackpack-topic-006 v0.1.0 (/tmp/topic21-20f09a6-arm-source/topics/006-ngram-text-indexing)
 Documenting systems-snackpack-topic-007 v0.1.0 (/tmp/topic21-20f09a6-arm-source/topics/007-branchless-predictable-control-flow)
    Finished `dev` profile [unoptimized + debuginfo] target(s) in 0.50s
   Generated /tmp/tmp.A5VbxiO8Wq/gate-target/doc/advanced_benchmarking_methodology/index.html and 17 other files
