    Checking systems-snackpack-topic-008 v0.1.0 (/tmp/topic24-c7187b1.Vvda94/source/topics/008-tlbs-address-translation)
    Checking systems-snackpack-topic-010 v0.1.0 (/tmp/topic24-c7187b1.Vvda94/source/topics/010-hashing-checksums-prng)
    Checking systems-snackpack-topic-012 v0.1.0 (/tmp/topic24-c7187b1.Vvda94/source/topics/012-mmap-page-faults)
    Checking systems-snackpack-topic-002 v0.1.0 (/tmp/topic24-c7187b1.Vvda94/source/topics/002-intrinsics-vs-assembly)
    Checking systems-snackpack-topic-003 v0.1.0 (/tmp/topic24-c7187b1.Vvda94/source/topics/003-linux-perf-workflow)
    Checking systems-snackpack-topic-001 v0.1.0 (/tmp/topic24-c7187b1.Vvda94/source/topics/001-swar-simd-scalar)
    Checking systems-snackpack-topic-014 v0.1.0 (/tmp/topic24-c7187b1.Vvda94/source/topics/014-cpu-dispatch-portable-optimization)
    Checking systems-snackpack-topic-011 v0.1.0 (/tmp/topic24-c7187b1.Vvda94/source/topics/011-cycle-accurate-measurement)
    Checking systems-snackpack-topic-006 v0.1.0 (/tmp/topic24-c7187b1.Vvda94/source/topics/006-ngram-text-indexing)
    Checking systems-snackpack-topic-013 v0.1.0 (/tmp/topic24-c7187b1.Vvda94/source/topics/013-cache-aware-oblivious)
    Checking systems-snackpack-topic-004 v0.1.0 (/tmp/topic24-c7187b1.Vvda94/source/topics/004-reading-assembly-performance)
    Checking advanced-benchmarking-methodology v0.1.0 (/tmp/topic24-c7187b1.Vvda94/source/topics/015-advanced-benchmarking-methodology)
    Checking memory-level-parallelism v0.1.0 (/tmp/topic24-c7187b1.Vvda94/source/topics/020-memory-level-parallelism)
    Checking systems-snackpack-topic-007 v0.1.0 (/tmp/topic24-c7187b1.Vvda94/source/topics/007-branchless-predictable-control-flow)
    Checking systems-snackpack-topic-009 v0.1.0 (/tmp/topic24-c7187b1.Vvda94/source/topics/009-succinct-static-index-structures)
    Checking compiler-optimization-boundaries v0.1.0 (/tmp/topic24-c7187b1.Vvda94/source/topics/016-compiler-optimization-boundaries)
    Checking linkers-loaders-binary-layout v0.1.0 (/tmp/topic24-c7187b1.Vvda94/source/topics/017-linkers-loaders-binary-layout)
    Checking pgo-post-link-optimization v0.1.0 (/tmp/topic24-c7187b1.Vvda94/source/topics/018-pgo-post-link-optimization)
    Checking cpu-frontend-bottlenecks v0.1.0 (/tmp/topic24-c7187b1.Vvda94/source/topics/019-cpu-frontend-bottlenecks)
    Checking systems-snackpack-topic-005 v0.1.0 (/tmp/topic24-c7187b1.Vvda94/source/topics/005-webassembly-performance-model)
    Checking allocator-internals-fragmentation v0.1.0 (/tmp/topic24-c7187b1.Vvda94/source/topics/024-allocator-internals-fragmentation)
    Finished `dev` profile [unoptimized + debuginfo] target(s) in 0.46s
